// Jest Snapshot v1, https://goo.gl/fbAQLP

exports[`renders correctly 1`] = `
<div
  className="four wide column"
>
  <a
    href="/undefined"
    onClick={[Function]}
  >
    <div
      className="ui link cards"
    >
      <div
        className="card"
      >
        <div
          className="main-image"
        >
          <img
            className="main-image"
          />
        </div>
        <div
          className="content"
        >
          <div
            className="header"
          />
          <div
            className="price"
          >
            $
             
          </div>
        </div>
      </div>
    </div>
  </a>
</div>
`;
